IDENTIFIER FOR null
FUN fun null
FALSE false null
OR or null
IDENTIFIER FUN null
RETURN return null
SUPER super null
IDENTIFIER AND null
ELSE else null
IF if null
CLASS class null
IDENTIFIER CLASS null
IDENTIFIER IF null
IDENTIFIER NIL null
VAR var null
IDENTIFIER OR null
IDENTIFIER ELSE null
IDENTIFIER RETURN null
WHILE while null
TRUE true null
NIL nil null
IDENTIFIER PRINT null
FOR for null
IDENTIFIER WHILE null
IDENTIFIER TRUE null
IDENTIFIER VAR null
THIS this null
PRINT print null
AND and null
IDENTIFIER THIS null
IDENTIFIER FALSE null
IDENTIFIER SUPER null
EOF  null
